OpenJDK 64-Bit Server VM (25.111-b14) for linux-amd64 JRE (1.8.0_111-8u111-b14-2ubuntu0.16.04.2-b14), built on Oct 27 2016 18:10:19 by "buildd" with gcc 5.4.0 20160609
Memory: 4k page, physical 2048256k(768340k free), swap 0k(0k free)
CommandLine flags: -XX:+DisableExplicitGC -XX:InitialHeapSize=1073741824 -XX:InitiatingHeapOccupancyPercent=35 -XX:+ManagementServer -XX:MaxGCPauseMillis=20 -XX:MaxHeapSize=1073741824 -XX:+PrintGC -XX:+PrintGCDateStamps -XX:+PrintGCDetails -XX:+PrintGCTimeStamps -XX:+UseCompressedClassPointers -XX:+UseCompressedOops -XX:+UseG1GC 
2017-03-12T12:24:39.234-0600: 1.277: [GC pause (G1 Evacuation Pause) (young), 0.0177897 secs]
   [Parallel Time: 11.5 ms, GC Workers: 2]
      [GC Worker Start (ms): Min: 1277.5, Avg: 1277.8, Max: 1278.1, Diff: 0.6]
      [Ext Root Scanning (ms): Min: 0.9, Avg: 2.0, Max: 3.1, Diff: 2.1, Sum: 4.0]
      [Update RS (ms): Min: 0.0, Avg: 0.0, Max: 0.0, Diff: 0.0, Sum: 0.0]
         [Processed Buffers: Min: 0, Avg: 0.0, Max: 0, Diff: 0, Sum: 0]
      [Scan RS (ms): Min: 0.0, Avg: 0.1, Max: 0.2, Diff: 0.2, Sum: 0.2]
      [Code Root Scanning (ms): Min: 0.0, Avg: 0.2, Max: 0.5, Diff: 0.5, Sum: 0.5]
      [Object Copy (ms): Min: 8.4, Avg: 8.8, Max: 9.3, Diff: 0.9, Sum: 17.6]
      [Termination (ms): Min: 0.0, Avg: 0.0, Max: 0.0, Diff: 0.0, Sum: 0.0]
         [Termination Attempts: Min: 1, Avg: 1.0, Max: 1, Diff: 0, Sum: 2]
      [GC Worker Other (ms): Min: 0.0, Avg: 0.0, Max: 0.0, Diff: 0.0, Sum: 0.0]
      [GC Worker Total (ms): Min: 10.9, Avg: 11.2, Max: 11.5, Diff: 0.6, Sum: 22.3]
      [GC Worker End (ms): Min: 1289.0, Avg: 1289.0, Max: 1289.0, Diff: 0.0]
   [Code Root Fixup: 0.1 ms]
   [Code Root Purge: 0.0 ms]
   [Clear CT: 0.2 ms]
   [Other: 6.0 ms]
      [Choose CSet: 0.0 ms]
      [Ref Proc: 5.5 ms]
      [Ref Enq: 0.0 ms]
      [Redirty Cards: 0.2 ms]
      [Humongous Register: 0.0 ms]
      [Humongous Reclaim: 0.0 ms]
      [Free CSet: 0.0 ms]
   [Eden: 51.0M(51.0M)->0.0B(44.0M) Survivors: 0.0B->7168.0K Heap: 51.0M(1024.0M)->7639.5K(1024.0M)]
 [Times: user=0.01 sys=0.01, real=0.02 secs] 
2017-03-12T12:24:40.019-0600: 2.062: [GC pause (G1 Evacuation Pause) (young), 0.0098353 secs]
   [Parallel Time: 4.6 ms, GC Workers: 2]
      [GC Worker Start (ms): Min: 2062.1, Avg: 2062.2, Max: 2062.2, Diff: 0.1]
      [Ext Root Scanning (ms): Min: 0.9, Avg: 1.0, Max: 1.1, Diff: 0.2, Sum: 2.0]
      [Update RS (ms): Min: 0.0, Avg: 0.0, Max: 0.0, Diff: 0.0, Sum: 0.1]
         [Processed Buffers: Min: 0, Avg: 0.5, Max: 1, Diff: 1, Sum: 1]
      [Scan RS (ms): Min: 0.0, Avg: 0.0, Max: 0.1, Diff: 0.0, Sum: 0.1]
      [Code Root Scanning (ms): Min: 0.2, Avg: 0.4, Max: 0.6, Diff: 0.3, Sum: 0.8]
      [Object Copy (ms): Min: 2.9, Avg: 3.0, Max: 3.2, Diff: 0.3, Sum: 6.1]
      [Termination (ms): Min: 0.0, Avg: 0.0, Max: 0.0, Diff: 0.0, Sum: 0.0]
         [Termination Attempts: Min: 1, Avg: 1.0, Max: 1, Diff: 0, Sum: 2]
      [GC Worker Other (ms): Min: 0.0, Avg: 0.0, Max: 0.0, Diff: 0.0, Sum: 0.0]
      [GC Worker Total (ms): Min: 4.5, Avg: 4.6, Max: 4.6, Diff: 0.1, Sum: 9.1]
      [GC Worker End (ms): Min: 2066.7, Avg: 2066.7, Max: 2066.7, Diff: 0.0]
   [Code Root Fixup: 0.2 ms]
   [Code Root Purge: 0.0 ms]
   [Clear CT: 0.2 ms]
   [Other: 4.8 ms]
      [Choose CSet: 0.0 ms]
      [Ref Proc: 4.1 ms]
      [Ref Enq: 0.0 ms]
      [Redirty Cards: 0.4 ms]
      [Humongous Register: 0.0 ms]
      [Humongous Reclaim: 0.0 ms]
      [Free CSet: 0.1 ms]
   [Eden: 44.0M(44.0M)->0.0B(44.0M) Survivors: 7168.0K->7168.0K Heap: 179.5M(1024.0M)->136.4M(1024.0M)]
 [Times: user=0.01 sys=0.00, real=0.01 secs] 
2017-03-12T12:26:01.530-0600: 83.573: [GC pause (Metadata GC Threshold) (young) (initial-mark), 0.0172080 secs]
   [Parallel Time: 16.0 ms, GC Workers: 2]
      [GC Worker Start (ms): Min: 83573.3, Avg: 83575.7, Max: 83578.1, Diff: 4.8]
      [Ext Root Scanning (ms): Min: 0.9, Avg: 6.7, Max: 12.5, Diff: 11.6, Sum: 13.4]
      [Update RS (ms): Min: 0.0, Avg: 0.1, Max: 0.2, Diff: 0.2, Sum: 0.2]
         [Processed Buffers: Min: 0, Avg: 1.0, Max: 2, Diff: 2, Sum: 2]
      [Scan RS (ms): Min: 0.0, Avg: 0.0, Max: 0.0, Diff: 0.0, Sum: 0.1]
      [Code Root Scanning (ms): Min: 0.0, Avg: 0.7, Max: 1.3, Diff: 1.3, Sum: 1.3]
      [Object Copy (ms): Min: 3.5, Avg: 6.1, Max: 8.7, Diff: 5.2, Sum: 12.1]
      [Termination (ms): Min: 0.0, Avg: 0.0, Max: 0.0, Diff: 0.0, Sum: 0.0]
         [Termination Attempts: Min: 1, Avg: 1.0, Max: 1, Diff: 0, Sum: 2]
      [GC Worker Other (ms): Min: 0.0, Avg: 0.0, Max: 0.0, Diff: 0.0, Sum: 0.1]
      [GC Worker Total (ms): Min: 11.2, Avg: 13.6, Max: 16.0, Diff: 4.8, Sum: 27.2]
      [GC Worker End (ms): Min: 83589.3, Avg: 83589.3, Max: 83589.3, Diff: 0.0]
   [Code Root Fixup: 0.3 ms]
   [Code Root Purge: 0.0 ms]
   [Clear CT: 0.1 ms]
   [Other: 0.8 ms]
      [Choose CSet: 0.0 ms]
      [Ref Proc: 0.4 ms]
      [Ref Enq: 0.0 ms]
      [Redirty Cards: 0.1 ms]
      [Humongous Register: 0.0 ms]
      [Humongous Reclaim: 0.0 ms]
      [Free CSet: 0.1 ms]
   [Eden: 16.0M(44.0M)->0.0B(47.0M) Survivors: 7168.0K->4096.0K Heap: 151.7M(1024.0M)->136.3M(1024.0M)]
 [Times: user=0.01 sys=0.00, real=0.02 secs] 
2017-03-12T12:26:01.547-0600: 83.591: [GC concurrent-root-region-scan-start]
2017-03-12T12:26:01.559-0600: 83.602: [GC concurrent-root-region-scan-end, 0.0115740 secs]
2017-03-12T12:26:01.559-0600: 83.602: [GC concurrent-mark-start]
2017-03-12T12:26:01.567-0600: 83.610: [GC concurrent-mark-end, 0.0078634 secs]
2017-03-12T12:26:01.567-0600: 83.610: [GC remark 2017-03-12T12:26:01.567-0600: 83.610: [Finalize Marking, 0.0001255 secs] 2017-03-12T12:26:01.567-0600: 83.610: [GC ref-proc, 0.0000899 secs] 2017-03-12T12:26:01.567-0600: 83.611: [Unloading, 0.0035426 secs], 0.0052466 secs]
 [Times: user=0.01 sys=0.00, real=0.00 secs] 
2017-03-12T12:26:01.573-0600: 83.616: [GC cleanup 137M->136M(1024M), 0.0025429 secs]
 [Times: user=0.00 sys=0.01, real=0.00 secs] 
2017-03-12T12:26:01.575-0600: 83.619: [GC concurrent-cleanup-start]
2017-03-12T12:26:01.575-0600: 83.619: [GC concurrent-cleanup-end, 0.0000154 secs]
2017-03-12T12:27:19.118-0600: 161.161: [GC pause (G1 Evacuation Pause) (young), 0.0091693 secs]
   [Parallel Time: 7.8 ms, GC Workers: 2]
      [GC Worker Start (ms): Min: 161161.2, Avg: 161161.2, Max: 161161.2, Diff: 0.0]
      [Ext Root Scanning (ms): Min: 0.8, Avg: 0.8, Max: 0.9, Diff: 0.1, Sum: 1.6]
      [Update RS (ms): Min: 0.2, Avg: 0.2, Max: 0.2, Diff: 0.0, Sum: 0.3]
         [Processed Buffers: Min: 1, Avg: 10.5, Max: 20, Diff: 19, Sum: 21]
      [Scan RS (ms): Min: 0.2, Avg: 0.2, Max: 0.2, Diff: 0.0, Sum: 0.4]
      [Code Root Scanning (ms): Min: 0.1, Avg: 0.2, Max: 0.3, Diff: 0.3, Sum: 0.4]
      [Object Copy (ms): Min: 2.3, Avg: 4.2, Max: 6.0, Diff: 3.8, Sum: 8.3]
      [Termination (ms): Min: 0.0, Avg: 2.0, Max: 4.1, Diff: 4.1, Sum: 4.1]
         [Termination Attempts: Min: 1, Avg: 1.0, Max: 1, Diff: 0, Sum: 2]
      [GC Worker Other (ms): Min: 0.0, Avg: 0.0, Max: 0.0, Diff: 0.0, Sum: 0.1]
      [GC Worker Total (ms): Min: 7.6, Avg: 7.6, Max: 7.6, Diff: 0.0, Sum: 15.2]
      [GC Worker End (ms): Min: 161168.8, Avg: 161168.8, Max: 161168.8, Diff: 0.0]
   [Code Root Fixup: 0.2 ms]
   [Code Root Purge: 0.0 ms]
   [Clear CT: 0.1 ms]
   [Other: 1.1 ms]
      [Choose CSet: 0.0 ms]
      [Ref Proc: 0.5 ms]
      [Ref Enq: 0.0 ms]
      [Redirty Cards: 0.3 ms]
      [Humongous Register: 0.0 ms]
      [Humongous Reclaim: 0.0 ms]
      [Free CSet: 0.0 ms]
   [Eden: 47.0M(47.0M)->0.0B(47.0M) Survivors: 4096.0K->4096.0K Heap: 182.3M(1024.0M)->135.3M(1024.0M)]
 [Times: user=0.02 sys=0.00, real=0.02 secs] 
2017-03-12T12:27:19.470-0600: 161.513: [GC pause (G1 Evacuation Pause) (young), 0.0087363 secs]
   [Parallel Time: 4.4 ms, GC Workers: 2]
      [GC Worker Start (ms): Min: 161513.6, Avg: 161513.6, Max: 161513.7, Diff: 0.1]
      [Ext Root Scanning (ms): Min: 0.7, Avg: 0.8, Max: 0.9, Diff: 0.2, Sum: 1.7]
      [Update RS (ms): Min: 0.2, Avg: 0.2, Max: 0.2, Diff: 0.0, Sum: 0.5]
         [Processed Buffers: Min: 2, Avg: 4.5, Max: 7, Diff: 5, Sum: 9]
      [Scan RS (ms): Min: 0.0, Avg: 0.0, Max: 0.1, Diff: 0.0, Sum: 0.1]
      [Code Root Scanning (ms): Min: 0.1, Avg: 0.3, Max: 0.5, Diff: 0.4, Sum: 0.6]
      [Object Copy (ms): Min: 2.5, Avg: 2.8, Max: 3.1, Diff: 0.6, Sum: 5.7]
      [Termination (ms): Min: 0.0, Avg: 0.0, Max: 0.0, Diff: 0.0, Sum: 0.0]
         [Termination Attempts: Min: 1, Avg: 1.0, Max: 1, Diff: 0, Sum: 2]
      [GC Worker Other (ms): Min: 0.0, Avg: 0.0, Max: 0.0, Diff: 0.0, Sum: 0.1]
      [GC Worker Total (ms): Min: 4.3, Avg: 4.3, Max: 4.3, Diff: 0.1, Sum: 8.6]
      [GC Worker End (ms): Min: 161517.9, Avg: 161517.9, Max: 161517.9, Diff: 0.0]
   [Code Root Fixup: 0.2 ms]
   [Code Root Purge: 0.0 ms]
   [Clear CT: 1.5 ms]
   [Other: 2.6 ms]
      [Choose CSet: 0.0 ms]
      [Ref Proc: 0.3 ms]
      [Ref Enq: 0.0 ms]
      [Redirty Cards: 1.8 ms]
      [Humongous Register: 0.0 ms]
      [Humongous Reclaim: 0.0 ms]
      [Free CSet: 0.0 ms]
   [Eden: 47.0M(47.0M)->0.0B(47.0M) Survivors: 4096.0K->4096.0K Heap: 182.3M(1024.0M)->135.3M(1024.0M)]
 [Times: user=0.01 sys=0.00, real=0.01 secs] 
2017-03-12T12:27:19.871-0600: 161.914: [GC pause (G1 Humongous Allocation) (young) (initial-mark), 0.0068445 secs]
   [Parallel Time: 5.3 ms, GC Workers: 2]
      [GC Worker Start (ms): Min: 161914.1, Avg: 161914.1, Max: 161914.2, Diff: 0.1]
      [Ext Root Scanning (ms): Min: 1.1, Avg: 2.4, Max: 3.6, Diff: 2.5, Sum: 4.7]
      [Update RS (ms): Min: 0.0, Avg: 0.3, Max: 0.5, Diff: 0.5, Sum: 0.5]
         [Processed Buffers: Min: 0, Avg: 5.0, Max: 10, Diff: 10, Sum: 10]
      [Scan RS (ms): Min: 0.0, Avg: 0.0, Max: 0.0, Diff: 0.0, Sum: 0.0]
      [Code Root Scanning (ms): Min: 0.0, Avg: 0.2, Max: 0.5, Diff: 0.5, Sum: 0.5]
      [Object Copy (ms): Min: 1.5, Avg: 2.3, Max: 3.1, Diff: 1.6, Sum: 4.6]
      [Termination (ms): Min: 0.0, Avg: 0.0, Max: 0.0, Diff: 0.0, Sum: 0.0]
         [Termination Attempts: Min: 1, Avg: 1.0, Max: 1, Diff: 0, Sum: 2]
      [GC Worker Other (ms): Min: 0.0, Avg: 0.0, Max: 0.0, Diff: 0.0, Sum: 0.0]
      [GC Worker Total (ms): Min: 5.2, Avg: 5.2, Max: 5.3, Diff: 0.1, Sum: 10.5]
      [GC Worker End (ms): Min: 161919.4, Avg: 161919.4, Max: 161919.4, Diff: 0.0]
   [Code Root Fixup: 0.1 ms]
   [Code Root Purge: 0.0 ms]
   [Clear CT: 0.2 ms]
   [Other: 1.1 ms]
      [Choose CSet: 0.0 ms]
      [Ref Proc: 0.4 ms]
      [Ref Enq: 0.0 ms]
      [Redirty Cards: 0.4 ms]
      [Humongous Register: 0.0 ms]
      [Humongous Reclaim: 0.1 ms]
      [Free CSet: 0.0 ms]
   [Eden: 9216.0K(47.0M)->0.0B(46.0M) Survivors: 4096.0K->5120.0K Heap: 329.3M(1024.0M)->136.3M(1024.0M)]
 [Times: user=0.01 sys=0.00, real=0.00 secs] 
2017-03-12T12:27:19.878-0600: 161.921: [GC concurrent-root-region-scan-start]
2017-03-12T12:27:19.883-0600: 161.927: [GC concurrent-root-region-scan-end, 0.0055973 secs]
2017-03-12T12:27:19.884-0600: 161.927: [GC concurrent-mark-start]
2017-03-12T12:27:19.899-0600: 161.942: [GC concurrent-mark-end, 0.0153048 secs]
2017-03-12T12:27:19.899-0600: 161.943: [GC remark 2017-03-12T12:27:19.899-0600: 161.943: [Finalize Marking, 0.0001840 secs] 2017-03-12T12:27:19.900-0600: 161.943: [GC ref-proc, 0.0001081 secs] 2017-03-12T12:27:19.900-0600: 161.943: [Unloading, 0.0088364 secs], 0.0104746 secs]
 [Times: user=0.01 sys=0.00, real=0.01 secs] 
2017-03-12T12:27:19.911-0600: 161.954: [GC cleanup 157M->157M(1024M), 0.0057473 secs]
 [Times: user=0.01 sys=0.00, real=0.00 secs] 
